// Vitest Snapshot v1, https://vitest.dev/guide/snapshot.html

exports[`ShopItems component > Renders with prop data 1`] = `
<div>
  <div
    class="_shopItem_3f94c9"
  >
    <img
      alt="This is shop item"
      class="_itemImg_3f94c9"
    />
    <div>
      <p
        class="_itemTitle_3f94c9"
      >
        Product 1
      </p>
      <p>
        A product
      </p>
      <p>
        3
         of 
        33
      </p>
      <p
        class="_priceText_3f94c9"
      >
        Price: 
        $
      </p>
      <div>
        <label
          class="_inputLabel_3f94c9"
          for="quantity"
        >
          Quantity
        </label>
        <input
          class="_inputBox_3f94c9"
          id="quantity"
          max="10"
          min="1"
          name="quantity"
          type="number"
          value="1"
        />
      </div>
      <button
        id="1"
      >
        Add to cart
      </button>
    </div>
  </div>
</div>
`;
