// Vitest Snapshot v1, https://vitest.dev/guide/snapshot.html

exports[`ShoppingCart component > Matches snapshot 1`] = `
<div>
  <div
    class="_cartBody_b6b9fb"
  >
    <h1>
      Shopping Cart
    </h1>
    <ol>
      <div
        data-testid="cart-item"
      >
        <hr />
        <li
          class="_itemList_b6b9fb"
        >
          <img
            alt="Product A Title"
            class="_itemImage_b6b9fb"
            src="Product A img URL"
          />
          <div>
            <a
              class="_itemTitle_b6b9fb"
              href="/products/1"
            >
              Product A Title
            </a>
            <p>
              Price: 
              5
              $
            </p>
            <div
              class="_quantityBox_b6b9fb"
            >
              <label
                class="_inputLabel_b6b9fb"
                for="quantity"
              >
                Quantity
              </label>
              <input
                class="_inputBox_b6b9fb"
                id="quantity"
                max="10"
                min="1"
                name="quantity"
                type="number"
                value="1"
              />
              <button
                class="_btnQuantity_b6b9fb"
              >
                +
              </button>
              <button
                class="_btnDelete_b6b9fb"
              >
                Remove from cart
              </button>
            </div>
            <p>
              Total price: 
              5
              $
            </p>
          </div>
        </li>
      </div>
      <div
        data-testid="cart-item"
      >
        <hr />
        <li
          class="_itemList_b6b9fb"
        >
          <img
            alt="Product B Title"
            class="_itemImage_b6b9fb"
            src="Product B img URL"
          />
          <div>
            <a
              class="_itemTitle_b6b9fb"
              href="/products/2"
            >
              Product B Title
            </a>
            <p>
              Price: 
              10
              $
            </p>
            <div
              class="_quantityBox_b6b9fb"
            >
              <label
                class="_inputLabel_b6b9fb"
                for="quantity"
              >
                Quantity
              </label>
              <input
                class="_inputBox_b6b9fb"
                id="quantity"
                max="10"
                min="1"
                name="quantity"
                type="number"
                value="3"
              />
              <button
                class="_btnQuantity_b6b9fb"
              >
                +
              </button>
              <button
                class="_btnQuantity_b6b9fb"
              >
                -
              </button>
            </div>
            <p>
              Total price: 
              30
              $
            </p>
          </div>
        </li>
      </div>
      <hr />
    </ol>
    <p>
      Total amount: 
      35
      $
    </p>
    <button
      class="_btnCheckout_b6b9fb"
    >
      Checkout
    </button>
  </div>
</div>
`;
