// Vitest Snapshot v1, https://vitest.dev/guide/snapshot.html

exports[`HomePageBody component > renders with 1 para, 1 link and 1 image 1`] = `
<div>
  <div
    class="_body_2c184d"
  >
    <div
      class="_divText_2c184d"
    >
      <p>
        Welcome to Odin Project Shopping Cart
      </p>
      <a
        class="_btnShop_2c184d"
        href="/shopPage"
      >
        Shop
      </a>
    </div>
    <img
      alt="a shopping cart"
      class="_imgHomeBody_2c184d"
      src="/src/components/HomePageBody/shopping_cart.webp"
    />
  </div>
</div>
`;
