// Vitest Snapshot v1, https://vitest.dev/guide/snapshot.html

exports[`NavigationBar component > matches snapshot with 10 items in the cart 1`] = `
<div>
  <nav
    class="_nav_982763"
  >
    <a
      class="_title_982763"
      href="/"
    >
      The shopping project
    </a>
    <ul
      class="_list_982763"
    >
      <li>
        <a
          href="/"
        >
          Home
        </a>
      </li>
      <li>
        <a
          href="/products"
        >
          Products
        </a>
      </li>
      <li>
        <a
          href="#"
        >
          Contact
        </a>
      </li>
      <li>
        <a
          href="/cart"
        >
          Cart: 
          10
        </a>
      </li>
    </ul>
  </nav>
</div>
`;
